// Jest Snapshot v1, https://jestjs.io/docs/snapshot-testing

exports[`SearchBar Component matches snapshot 1`] = `
<div>
  <div
    class="container"
  >
    <input
      class="container input"
      placeholder="Search"
      type="text"
    />
    <div
      class="iconContainer"
    >
      <svg
        aria-hidden="true"
        class="icon"
        fill="none"
        height="24"
        width="24"
        xmlns="http://www.w3.org/2000/svg"
      >
        <path
          d="M11 19a8 8 0 1 0 0-16 8 8 0 0 0 0 16ZM21 21l-4.35-4.35"
          stroke="currentColor"
          stroke-linecap="round"
          stroke-linejoin="round"
          stroke-width="2"
        />
      </svg>
    </div>
  </div>
</div>
`;
